<?xml version="1.0" encoding="ISO-8859-1" ?>
<link_info>
   <banner>TMS320C2000 Linker PC v22.6.1.LTS</banner>
   <copyright>Copyright (c) 1996-2018 Texas Instruments Incorporated</copyright>
   <link_time>0x69e5bbdc</link_time>
   <link_errors>0x0</link_errors>
   <output_file>Electronic_Differantial_v_1_0_1.out</output_file>
   <entry_point>
      <name>_c_int00</name>
      <address>0x84000</address>
   </entry_point>
   <input_file_list>
      <input_file id="fl-2">
         <path>.\</path>
         <kind>object</kind>
         <file>F2837xD_Adc.obj</file>
         <name>F2837xD_Adc.obj</name>
      </input_file>
      <input_file id="fl-3">
         <path>.\</path>
         <kind>object</kind>
         <file>F2837xD_CodeStartBranch.obj</file>
         <name>F2837xD_CodeStartBranch.obj</name>
      </input_file>
      <input_file id="fl-4">
         <path>.\</path>
         <kind>object</kind>
         <file>F2837xD_CpuTimers.obj</file>
         <name>F2837xD_CpuTimers.obj</name>
      </input_file>
      <input_file id="fl-5">
         <path>.\</path>
         <kind>object</kind>
         <file>F2837xD_DefaultISR.obj</file>
         <name>F2837xD_DefaultISR.obj</name>
      </input_file>
      <input_file id="fl-6">
         <path>.\</path>
         <kind>object</kind>
         <file>F2837xD_EPwm.obj</file>
         <name>F2837xD_EPwm.obj</name>
      </input_file>
      <input_file id="fl-7">
         <path>.\</path>
         <kind>object</kind>
         <file>F2837xD_EQep.obj</file>
         <name>F2837xD_EQep.obj</name>
      </input_file>
      <input_file id="fl-8">
         <path>.\</path>
         <kind>object</kind>
         <file>F2837xD_GlobalVariableDefs.obj</file>
         <name>F2837xD_GlobalVariableDefs.obj</name>
      </input_file>
      <input_file id="fl-9">
         <path>.\</path>
         <kind>object</kind>
         <file>F2837xD_Gpio.obj</file>
         <name>F2837xD_Gpio.obj</name>
      </input_file>
      <input_file id="fl-a">
         <path>.\</path>
         <kind>object</kind>
         <file>F2837xD_PieCtrl.obj</file>
         <name>F2837xD_PieCtrl.obj</name>
      </input_file>
      <input_file id="fl-b">
         <path>.\</path>
         <kind>object</kind>
         <file>F2837xD_PieVect.obj</file>
         <name>F2837xD_PieVect.obj</name>
      </input_file>
      <input_file id="fl-c">
         <path>.\</path>
         <kind>object</kind>
         <file>F2837xD_Spi.obj</file>
         <name>F2837xD_Spi.obj</name>
      </input_file>
      <input_file id="fl-d">
         <path>.\</path>
         <kind>object</kind>
         <file>F2837xD_SysCtrl.obj</file>
         <name>F2837xD_SysCtrl.obj</name>
      </input_file>
      <input_file id="fl-e">
         <path>.\</path>
         <kind>object</kind>
         <file>F2837xD_usDelay.obj</file>
         <name>F2837xD_usDelay.obj</name>
      </input_file>
      <input_file id="fl-f">
         <path>.\</path>
         <kind>object</kind>
         <file>device.obj</file>
         <name>device.obj</name>
      </input_file>
      <input_file id="fl-10">
         <path>.\</path>
         <kind>object</kind>
         <file>main.obj</file>
         <name>main.obj</name>
      </input_file>
      <input_file id="fl-16">
         <kind>object</kind>
         <file>&lt;internal&gt;</file>
         <name>&lt;internal&gt;</name>
      </input_file>
      <input_file id="fl-22">
         <path>C:\ti\ccs1281\ccs\tools\compiler\ti-cgt-c2000_22.6.1.LTS\lib\</path>
         <kind>archive</kind>
         <file>rts2800_fpu32.lib</file>
         <name>boot28.asm.obj</name>
      </input_file>
      <input_file id="fl-23">
         <path>C:\ti\ccs1281\ccs\tools\compiler\ti-cgt-c2000_22.6.1.LTS\lib\</path>
         <kind>archive</kind>
         <file>rts2800_fpu32.lib</file>
         <name>cpy_tbl.c.obj</name>
      </input_file>
      <input_file id="fl-24">
         <path>C:\ti\ccs1281\ccs\tools\compiler\ti-cgt-c2000_22.6.1.LTS\lib\</path>
         <kind>archive</kind>
         <file>rts2800_fpu32.lib</file>
         <name>memcpy.c.obj</name>
      </input_file>
      <input_file id="fl-25">
         <path>C:\ti\ccs1281\ccs\tools\compiler\ti-cgt-c2000_22.6.1.LTS\lib\</path>
         <kind>archive</kind>
         <file>rts2800_fpu32.lib</file>
         <name>pre_init.c.obj</name>
      </input_file>
      <input_file id="fl-26">
         <path>C:\ti\ccs1281\ccs\tools\compiler\ti-cgt-c2000_22.6.1.LTS\lib\</path>
         <kind>archive</kind>
         <file>rts2800_fpu32.lib</file>
         <name>startup.c.obj</name>
      </input_file>
      <input_file id="fl-27">
         <path>C:\ti\ccs1281\ccs\tools\compiler\ti-cgt-c2000_22.6.1.LTS\lib\</path>
         <kind>archive</kind>
         <file>rts2800_fpu32.lib</file>
         <name>exit.c.obj</name>
      </input_file>
      <input_file id="fl-28">
         <path>C:\ti\ccs1281\ccs\tools\compiler\ti-cgt-c2000_22.6.1.LTS\lib\</path>
         <kind>archive</kind>
         <file>rts2800_fpu32.lib</file>
         <name>_lock.c.obj</name>
      </input_file>
      <input_file id="fl-29">
         <path>C:\ti\ccs1281\ccs\tools\compiler\ti-cgt-c2000_22.6.1.LTS\lib\</path>
         <kind>archive</kind>
         <file>rts2800_fpu32.lib</file>
         <name>args_main.c.obj</name>
      </input_file>
      <input_file id="fl-2d">
         <path>C:\Users\berktopcuoglu\Documents\c2000ware-core-sdk-main 6_0_0\c2000ware-core-sdk-main\driverlib\f2837xd\driverlib\ccs\Debug\</path>
         <kind>archive</kind>
         <file>driverlib_coff.lib</file>
         <name>flash.obj</name>
      </input_file>
      <input_file id="fl-2e">
         <path>C:\Users\berktopcuoglu\Documents\c2000ware-core-sdk-main 6_0_0\c2000ware-core-sdk-main\driverlib\f2837xd\driverlib\ccs\Debug\</path>
         <kind>archive</kind>
         <file>driverlib_coff.lib</file>
         <name>gpio.obj</name>
      </input_file>
      <input_file id="fl-2f">
         <path>C:\Users\berktopcuoglu\Documents\c2000ware-core-sdk-main 6_0_0\c2000ware-core-sdk-main\driverlib\f2837xd\driverlib\ccs\Debug\</path>
         <kind>archive</kind>
         <file>driverlib_coff.lib</file>
         <name>sysctl.obj</name>
      </input_file>
      <input_file id="fl-30">
         <path>C:\ti\ccs1281\ccs\tools\compiler\ti-cgt-c2000_22.6.1.LTS\lib\</path>
         <kind>archive</kind>
         <file>rts2800_fpu32.lib</file>
         <name>fs_div28.asm.obj</name>
      </input_file>
   </input_file_list>
   <object_component_list>
      <object_component id="oc-143">
         <name>.cinit</name>
         <load_address>0x82000</load_address>
         <run_address>0x82000</run_address>
         <size>0x1e3</size>
         <input_file_ref idref="fl-10"/>
      </object_component>
      <object_component id="oc-13c">
         <name>.cinit</name>
         <load_address>0x821e3</load_address>
         <run_address>0x821e3</run_address>
         <size>0xf</size>
         <input_file_ref idref="fl-f"/>
      </object_component>
      <object_component id="oc-165">
         <name>.cinit</name>
         <load_address>0x821f2</load_address>
         <run_address>0x821f2</run_address>
         <size>0xe</size>
         <input_file_ref idref="fl-27"/>
      </object_component>
      <object_component id="oc-195">
         <name>.cinit:__lock</name>
         <load_address>0x82200</load_address>
         <run_address>0x82200</run_address>
         <size>0x5</size>
         <input_file_ref idref="fl-28"/>
      </object_component>
      <object_component id="oc-19d">
         <name>.cinit:__unlock</name>
         <load_address>0x82205</load_address>
         <run_address>0x82205</run_address>
         <size>0x5</size>
         <input_file_ref idref="fl-28"/>
      </object_component>
      <object_component id="oc-192">
         <name>.text</name>
         <load_address>0x8220c</load_address>
         <run_address>0x8220c</run_address>
         <size>0xdf6</size>
         <input_file_ref idref="fl-10"/>
      </object_component>
      <object_component id="oc-a0">
         <name>.text:retain</name>
         <load_address>0x83002</load_address>
         <run_address>0x83002</run_address>
         <size>0x585</size>
         <input_file_ref idref="fl-5"/>
      </object_component>
      <object_component id="oc-197">
         <name>.text</name>
         <load_address>0x83587</load_address>
         <run_address>0x83587</run_address>
         <size>0x4b3</size>
         <input_file_ref idref="fl-d"/>
      </object_component>
      <object_component id="oc-196">
         <name>.text</name>
         <load_address>0x83a3a</load_address>
         <run_address>0x83a3a</run_address>
         <size>0x244</size>
         <input_file_ref idref="fl-9"/>
      </object_component>
      <object_component id="oc-145">
         <name>.text:retain</name>
         <load_address>0x83c7e</load_address>
         <run_address>0x83c7e</run_address>
         <size>0x148</size>
         <input_file_ref idref="fl-10"/>
      </object_component>
      <object_component id="oc-19a">
         <name>.text</name>
         <load_address>0x83dc6</load_address>
         <run_address>0x83dc6</run_address>
         <size>0xf0</size>
         <input_file_ref idref="fl-2"/>
      </object_component>
      <object_component id="oc-188">
         <name>.text</name>
         <load_address>0x83eb6</load_address>
         <run_address>0x83eb6</run_address>
         <size>0x88</size>
         <input_file_ref idref="fl-30"/>
      </object_component>
      <object_component id="oc-19b">
         <name>.text</name>
         <load_address>0x83f3e</load_address>
         <run_address>0x83f3e</run_address>
         <size>0x7c</size>
         <input_file_ref idref="fl-4"/>
      </object_component>
      <object_component id="oc-191">
         <name>.text</name>
         <load_address>0x83fba</load_address>
         <run_address>0x83fba</run_address>
         <size>0x29</size>
         <input_file_ref idref="fl-27"/>
      </object_component>
      <object_component id="oc-193">
         <name>.text</name>
         <load_address>0x83fe3</load_address>
         <run_address>0x83fe3</run_address>
         <size>0x1d</size>
         <input_file_ref idref="fl-24"/>
      </object_component>
      <object_component id="oc-8d">
         <name>.text</name>
         <load_address>0x84000</load_address>
         <run_address>0x84000</run_address>
         <size>0x56</size>
         <input_file_ref idref="fl-22"/>
      </object_component>
      <object_component id="oc-198">
         <name>.text</name>
         <load_address>0x84056</load_address>
         <run_address>0x84056</run_address>
         <size>0x28</size>
         <input_file_ref idref="fl-a"/>
      </object_component>
      <object_component id="oc-199">
         <name>.text</name>
         <load_address>0x8407e</load_address>
         <run_address>0x8407e</run_address>
         <size>0x26</size>
         <input_file_ref idref="fl-b"/>
      </object_component>
      <object_component id="oc-18e">
         <name>.text</name>
         <load_address>0x840a4</load_address>
         <run_address>0x840a4</run_address>
         <size>0x24</size>
         <input_file_ref idref="fl-23"/>
      </object_component>
      <object_component id="oc-190">
         <name>.text</name>
         <load_address>0x840c8</load_address>
         <run_address>0x840c8</run_address>
         <size>0x12</size>
         <input_file_ref idref="fl-29"/>
      </object_component>
      <object_component id="oc-19c">
         <name>.text</name>
         <load_address>0x840da</load_address>
         <run_address>0x840da</run_address>
         <size>0x9</size>
         <input_file_ref idref="fl-28"/>
      </object_component>
      <object_component id="oc-93">
         <name>.text</name>
         <load_address>0x840e3</load_address>
         <run_address>0x840e3</run_address>
         <size>0x8</size>
         <input_file_ref idref="fl-3"/>
      </object_component>
      <object_component id="oc-18d">
         <name>.text</name>
         <load_address>0x840eb</load_address>
         <run_address>0x840eb</run_address>
         <size>0x2</size>
         <input_file_ref idref="fl-25"/>
      </object_component>
      <object_component id="oc-18f">
         <name>.text</name>
         <load_address>0x840ed</load_address>
         <run_address>0x840ed</run_address>
         <size>0x1</size>
         <input_file_ref idref="fl-26"/>
      </object_component>
      <object_component id="oc-94">
         <name>codestart</name>
         <load_address>0x80000</load_address>
         <run_address>0x80000</run_address>
         <size>0x2</size>
         <input_file_ref idref="fl-3"/>
      </object_component>
      <object_component id="oc-19e">
         <name>.TI.ramfunc</name>
         <load_address>0x86000</load_address>
         <run_address>0x8000</run_address>
         <size>0x37</size>
         <input_file_ref idref="fl-d"/>
      </object_component>
      <object_component id="oc-136">
         <name>.TI.ramfunc</name>
         <load_address>0x86037</load_address>
         <run_address>0x8037</run_address>
         <size>0x4</size>
         <input_file_ref idref="fl-e"/>
      </object_component>
      <object_component id="oc-182">
         <name>.TI.ramfunc</name>
         <load_address>0x8603b</load_address>
         <run_address>0x803b</run_address>
         <size>0x4</size>
         <input_file_ref idref="fl-2f"/>
      </object_component>
      <object_component id="oc-14a">
         <name>.stack</name>
         <uninitialized>true</uninitialized>
         <run_address>0x400</run_address>
         <size>0x0</size>
         <input_file_ref idref="fl-22"/>
      </object_component>
      <object_component id="oc-234">
         <name>.stack</name>
         <uninitialized>true</uninitialized>
         <run_address>0x400</run_address>
         <size>0x0</size>
      </object_component>
      <object_component id="oc-144">
         <name>.ebss</name>
         <uninitialized>true</uninitialized>
         <run_address>0xa800</run_address>
         <size>0x110</size>
         <input_file_ref idref="fl-10"/>
      </object_component>
      <object_component id="oc-9a">
         <name>.ebss</name>
         <uninitialized>true</uninitialized>
         <run_address>0xa910</run_address>
         <size>0x18</size>
         <input_file_ref idref="fl-4"/>
      </object_component>
      <object_component id="oc-13d">
         <name>.ebss</name>
         <uninitialized>true</uninitialized>
         <run_address>0xa928</run_address>
         <size>0x6</size>
         <input_file_ref idref="fl-f"/>
      </object_component>
      <object_component id="oc-166">
         <name>.ebss</name>
         <uninitialized>true</uninitialized>
         <run_address>0xa92e</run_address>
         <size>0x6</size>
         <input_file_ref idref="fl-27"/>
      </object_component>
      <object_component id="oc-194">
         <name>.ebss:__lock</name>
         <uninitialized>true</uninitialized>
         <run_address>0xa934</run_address>
         <size>0x2</size>
         <input_file_ref idref="fl-28"/>
      </object_component>
      <object_component id="oc-1a0">
         <name>.ebss:__unlock</name>
         <uninitialized>true</uninitialized>
         <run_address>0xa936</run_address>
         <size>0x2</size>
         <input_file_ref idref="fl-28"/>
      </object_component>
      <object_component id="oc-19f">
         <name>.econst:_PieVectTableInit</name>
         <load_address>0x90000</load_address>
         <run_address>0x90000</run_address>
         <size>0x1c0</size>
         <input_file_ref idref="fl-b"/>
      </object_component>
      <object_component id="oc-183">
         <name>.econst:.string</name>
         <load_address>0x901c0</load_address>
         <run_address>0x901c0</run_address>
         <size>0xc2</size>
         <input_file_ref idref="fl-2f"/>
      </object_component>
      <object_component id="oc-176">
         <name>.econst:.string</name>
         <load_address>0x90282</load_address>
         <run_address>0x90282</run_address>
         <size>0xbf</size>
         <input_file_ref idref="fl-2d"/>
      </object_component>
      <object_component id="oc-17c">
         <name>.econst:.string</name>
         <load_address>0x90342</load_address>
         <run_address>0x90342</run_address>
         <size>0xbc</size>
         <input_file_ref idref="fl-2e"/>
      </object_component>
      <object_component id="oc-14b">
         <name>.reset</name>
         <load_address>0x3fffc0</load_address>
         <run_address>0x3fffc0</run_address>
         <size>0x2</size>
         <input_file_ref idref="fl-22"/>
      </object_component>
      <object_component id="oc-1a1">
         <name>.TI.memcrc:_ccs_flash_checksum</name>
         <load_address>0x0</load_address>
         <run_address>0x0</run_address>
         <size>0x66</size>
      </object_component>
      <object_component id="oc-11b">
         <name>PieVectTableFile</name>
         <uninitialized>true</uninitialized>
         <run_address>0xd00</run_address>
         <size>0x1c0</size>
         <input_file_ref idref="fl-8"/>
      </object_component>
      <object_component id="oc-eb">
         <name>AccessProtectionRegsFile</name>
         <uninitialized>true</uninitialized>
         <run_address>0x5f4c0</run_address>
         <size>0x2e</size>
         <input_file_ref idref="fl-8"/>
      </object_component>
      <object_component id="oc-100">
         <name>AdcaRegsFile</name>
         <uninitialized>true</uninitialized>
         <run_address>0x7400</run_address>
         <size>0x7c</size>
         <input_file_ref idref="fl-8"/>
      </object_component>
      <object_component id="oc-101">
         <name>AdcbRegsFile</name>
         <uninitialized>true</uninitialized>
         <run_address>0x7480</run_address>
         <size>0x7c</size>
         <input_file_ref idref="fl-8"/>
      </object_component>
      <object_component id="oc-102">
         <name>AdccRegsFile</name>
         <uninitialized>true</uninitialized>
         <run_address>0x7500</run_address>
         <size>0x7c</size>
         <input_file_ref idref="fl-8"/>
      </object_component>
      <object_component id="oc-103">
         <name>AdcdRegsFile</name>
         <uninitialized>true</uninitialized>
         <run_address>0x7580</run_address>
         <size>0x7c</size>
         <input_file_ref idref="fl-8"/>
      </object_component>
      <object_component id="oc-c8">
         <name>AdcaResultRegsFile</name>
         <uninitialized>true</uninitialized>
         <run_address>0xb00</run_address>
         <size>0x18</size>
         <input_file_ref idref="fl-8"/>
      </object_component>
      <object_component id="oc-c9">
         <name>AdcbResultRegsFile</name>
         <uninitialized>true</uninitialized>
         <run_address>0xb20</run_address>
         <size>0x18</size>
         <input_file_ref idref="fl-8"/>
      </object_component>
      <object_component id="oc-ca">
         <name>AdccResultRegsFile</name>
         <uninitialized>true</uninitialized>
         <run_address>0xb40</run_address>
         <size>0x18</size>
         <input_file_ref idref="fl-8"/>
      </object_component>
      <object_component id="oc-cb">
         <name>AdcdResultRegsFile</name>
         <uninitialized>true</uninitialized>
         <run_address>0xb60</run_address>
         <size>0x18</size>
         <input_file_ref idref="fl-8"/>
      </object_component>
      <object_component id="oc-ef">
         <name>AnalogSubsysRegsFile</name>
         <uninitialized>true</uninitialized>
         <run_address>0x5d180</run_address>
         <size>0x3e</size>
         <input_file_ref idref="fl-8"/>
      </object_component>
      <object_component id="oc-117">
         <name>CanaRegsFile</name>
         <uninitialized>true</uninitialized>
         <run_address>0x48000</run_address>
         <size>0x164</size>
         <input_file_ref idref="fl-8"/>
      </object_component>
      <object_component id="oc-118">
         <name>CanbRegsFile</name>
         <uninitialized>true</uninitialized>
         <run_address>0x4a000</run_address>
         <size>0x164</size>
         <input_file_ref idref="fl-8"/>
      </object_component>
      <object_component id="oc-f0">
         <name>Cla1RegsFile</name>
         <uninitialized>true</uninitialized>
         <run_address>0x1400</run_address>
         <size>0x3e</size>
         <input_file_ref idref="fl-8"/>
      </object_component>
      <object_component id="oc-112">
         <name>Clb1DataExchRegsFile</name>
         <uninitialized>true</uninitialized>
         <run_address>0x3200</run_address>
         <size>0x108</size>
         <input_file_ref idref="fl-8"/>
      </object_component>
      <object_component id="oc-113">
         <name>Clb2DataExchRegsFile</name>
         <uninitialized>true</uninitialized>
         <run_address>0x3600</run_address>
         <size>0x108</size>
         <input_file_ref idref="fl-8"/>
      </object_component>
      <object_component id="oc-114">
         <name>Clb3DataExchRegsFile</name>
         <uninitialized>true</uninitialized>
         <run_address>0x3a00</run_address>
         <size>0x108</size>
         <input_file_ref idref="fl-8"/>
      </object_component>
      <object_component id="oc-115">
         <name>Clb4DataExchRegsFile</name>
         <uninitialized>true</uninitialized>
         <run_address>0x3e00</run_address>
         <size>0x108</size>
         <input_file_ref idref="fl-8"/>
      </object_component>
      <object_component id="oc-f1">
         <name>Clb1LogicCfgRegsFile</name>
         <uninitialized>true</uninitialized>
         <run_address>0x3000</run_address>
         <size>0x3e</size>
         <input_file_ref idref="fl-8"/>
      </object_component>
      <object_component id="oc-f2">
         <name>Clb2LogicCfgRegsFile</name>
         <uninitialized>true</uninitialized>
         <run_address>0x3400</run_address>
         <size>0x3e</size>
         <input_file_ref idref="fl-8"/>
      </object_component>
      <object_component id="oc-f3">
         <name>Clb3LogicCfgRegsFile</name>
         <uninitialized>true</uninitialized>
         <run_address>0x3800</run_address>
         <size>0x3e</size>
         <input_file_ref idref="fl-8"/>
      </object_component>
      <object_component id="oc-f4">
         <name>Clb4LogicCfgRegsFile</name>
         <uninitialized>true</uninitialized>
         <run_address>0x3c00</run_address>
         <size>0x3e</size>
         <input_file_ref idref="fl-8"/>
      </object_component>
      <object_component id="oc-f5">
         <name>Clb1LogicCtrlRegsFile</name>
         <uninitialized>true</uninitialized>
         <run_address>0x3100</run_address>
         <size>0x40</size>
         <input_file_ref idref="fl-8"/>
      </object_component>
      <object_component id="oc-f6">
         <name>Clb2LogicCtrlRegsFile</name>
         <uninitialized>true</uninitialized>
         <run_address>0x3500</run_address>
         <size>0x40</size>
         <input_file_ref idref="fl-8"/>
      </object_component>
      <object_component id="oc-f7">
         <name>Clb3LogicCtrlRegsFile</name>
         <uninitialized>true</uninitialized>
         <run_address>0x3900</run_address>
         <size>0x40</size>
         <input_file_ref idref="fl-8"/>
      </object_component>
      <object_component id="oc-f8">
         <name>Clb4LogicCtrlRegsFile</name>
         <uninitialized>true</uninitialized>
         <run_address>0x3d00</run_address>
         <size>0x40</size>
         <input_file_ref idref="fl-8"/>
      </object_component>
      <object_component id="oc-f9">
         <name>ClbXbarRegsFile</name>
         <uninitialized>true</uninitialized>
         <run_address>0x7a40</run_address>
         <size>0x40</size>
         <input_file_ref idref="fl-8"/>
      </object_component>
      <object_component id="oc-ed">
         <name>ClkCfgRegsFile</name>
         <uninitialized>true</uninitialized>
         <run_address>0x5d200</run_address>
         <size>0x32</size>
         <input_file_ref idref="fl-8"/>
      </object_component>
      <object_component id="oc-d4">
         <name>Cmpss1RegsFile</name>
         <uninitialized>true</uninitialized>
         <run_address>0x5c80</run_address>
         <size>0x1b</size>
         <input_file_ref idref="fl-8"/>
      </object_component>
      <object_component id="oc-d5">
         <name>Cmpss2RegsFile</name>
         <uninitialized>true</uninitialized>
         <run_address>0x5ca0</run_address>
         <size>0x1b</size>
         <input_file_ref idref="fl-8"/>
      </object_component>
      <object_component id="oc-d6">
         <name>Cmpss3RegsFile</name>
         <uninitialized>true</uninitialized>
         <run_address>0x5cc0</run_address>
         <size>0x1b</size>
         <input_file_ref idref="fl-8"/>
      </object_component>
      <object_component id="oc-d7">
         <name>Cmpss4RegsFile</name>
         <uninitialized>true</uninitialized>
         <run_address>0x5ce0</run_address>
         <size>0x1b</size>
         <input_file_ref idref="fl-8"/>
      </object_component>
      <object_component id="oc-d8">
         <name>Cmpss5RegsFile</name>
         <uninitialized>true</uninitialized>
         <run_address>0x5d00</run_address>
         <size>0x1b</size>
         <input_file_ref idref="fl-8"/>
      </object_component>
      <object_component id="oc-d9">
         <name>Cmpss6RegsFile</name>
         <uninitialized>true</uninitialized>
         <run_address>0x5d20</run_address>
         <size>0x1b</size>
         <input_file_ref idref="fl-8"/>
      </object_component>
      <object_component id="oc-da">
         <name>Cmpss7RegsFile</name>
         <uninitialized>true</uninitialized>
         <run_address>0x5d40</run_address>
         <size>0x1b</size>
         <input_file_ref idref="fl-8"/>
      </object_component>
      <object_component id="oc-db">
         <name>Cmpss8RegsFile</name>
         <uninitialized>true</uninitialized>
         <run_address>0x5d60</run_address>
         <size>0x1b</size>
         <input_file_ref idref="fl-8"/>
      </object_component>
      <object_component id="oc-b9">
         <name>CpuTimer0RegsFile</name>
         <uninitialized>true</uninitialized>
         <run_address>0xc00</run_address>
         <size>0x8</size>
         <input_file_ref idref="fl-8"/>
      </object_component>
      <object_component id="oc-ba">
         <name>CpuTimer1RegsFile</name>
         <uninitialized>true</uninitialized>
         <run_address>0xc08</run_address>
         <size>0x8</size>
         <input_file_ref idref="fl-8"/>
      </object_component>
      <object_component id="oc-bb">
         <name>CpuTimer2RegsFile</name>
         <uninitialized>true</uninitialized>
         <run_address>0xc10</run_address>
         <size>0x8</size>
         <input_file_ref idref="fl-8"/>
      </object_component>
      <object_component id="oc-104">
         <name>CpuSysRegsFile</name>
         <uninitialized>true</uninitialized>
         <run_address>0x5d300</run_address>
         <size>0x82</size>
         <input_file_ref idref="fl-8"/>
      </object_component>
      <object_component id="oc-b5">
         <name>DacaRegsFile</name>
         <uninitialized>true</uninitialized>
         <run_address>0x5c00</run_address>
         <size>0x7</size>
         <input_file_ref idref="fl-8"/>
      </object_component>
      <object_component id="oc-b6">
         <name>DacbRegsFile</name>
         <uninitialized>true</uninitialized>
         <run_address>0x5c10</run_address>
         <size>0x7</size>
         <input_file_ref idref="fl-8"/>
      </object_component>
      <object_component id="oc-b7">
         <name>DaccRegsFile</name>
         <uninitialized>true</uninitialized>
         <run_address>0x5c20</run_address>
         <size>0x7</size>
         <input_file_ref idref="fl-8"/>
      </object_component>
      <object_component id="oc-b3">
         <name>DcsmCommonRegsFile</name>
         <uninitialized>true</uninitialized>
         <run_address>0x5f070</run_address>
         <size>0x6</size>
         <input_file_ref idref="fl-8"/>
      </object_component>
      <object_component id="oc-dd">
         <name>DcsmZ1RegsFile</name>
         <uninitialized>true</uninitialized>
         <run_address>0x5f000</run_address>
         <size>0x22</size>
         <input_file_ref idref="fl-8"/>
      </object_component>
      <object_component id="oc-de">
         <name>DcsmZ2RegsFile</name>
         <uninitialized>true</uninitialized>
         <run_address>0x5f040</run_address>
         <size>0x22</size>
         <input_file_ref idref="fl-8"/>
      </object_component>
      <object_component id="oc-116">
         <name>DevCfgRegsFile</name>
         <uninitialized>true</uninitialized>
         <run_address>0x5d000</run_address>
         <size>0x12e</size>
         <input_file_ref idref="fl-8"/>
      </object_component>
      <object_component id="oc-cc">
         <name>DmaClaSrcSelRegsFile</name>
         <uninitialized>true</uninitialized>
         <run_address>0x7980</run_address>
         <size>0x1a</size>
         <input_file_ref idref="fl-8"/>
      </object_component>
      <object_component id="oc-105">
         <name>DmaRegsFile</name>
         <uninitialized>true</uninitialized>
         <run_address>0x1000</run_address>
         <size>0xe0</size>
         <input_file_ref idref="fl-8"/>
      </object_component>
      <object_component id="oc-cd">
         <name>ECap1RegsFile</name>
         <uninitialized>true</uninitialized>
         <run_address>0x5000</run_address>
         <size>0x1a</size>
         <input_file_ref idref="fl-8"/>
      </object_component>
      <object_component id="oc-ce">
         <name>ECap2RegsFile</name>
         <uninitialized>true</uninitialized>
         <run_address>0x5020</run_address>
         <size>0x1a</size>
         <input_file_ref idref="fl-8"/>
      </object_component>
      <object_component id="oc-cf">
         <name>ECap3RegsFile</name>
         <uninitialized>true</uninitialized>
         <run_address>0x5040</run_address>
         <size>0x1a</size>
         <input_file_ref idref="fl-8"/>
      </object_component>
      <object_component id="oc-d0">
         <name>ECap4RegsFile</name>
         <uninitialized>true</uninitialized>
         <run_address>0x5060</run_address>
         <size>0x1a</size>
         <input_file_ref idref="fl-8"/>
      </object_component>
      <object_component id="oc-d1">
         <name>ECap5RegsFile</name>
         <uninitialized>true</uninitialized>
         <run_address>0x5080</run_address>
         <size>0x1a</size>
         <input_file_ref idref="fl-8"/>
      </object_component>
      <object_component id="oc-d2">
         <name>ECap6RegsFile</name>
         <uninitialized>true</uninitialized>
         <run_address>0x50a0</run_address>
         <size>0x1a</size>
         <input_file_ref idref="fl-8"/>
      </object_component>
      <object_component id="oc-bc">
         <name>Emif1ConfigRegsFile</name>
         <uninitialized>true</uninitialized>
         <run_address>0x5f480</run_address>
         <size>0xa</size>
         <input_file_ref idref="fl-8"/>
      </object_component>
      <object_component id="oc-bd">
         <name>Emif2ConfigRegsFile</name>
         <uninitialized>true</uninitialized>
         <run_address>0x5f4a0</run_address>
         <size>0xa</size>
         <input_file_ref idref="fl-8"/>
      </object_component>
      <object_component id="oc-e7">
         <name>Emif1RegsFile</name>
         <uninitialized>true</uninitialized>
         <run_address>0x47000</run_address>
         <size>0x28</size>
         <input_file_ref idref="fl-8"/>
      </object_component>
      <object_component id="oc-e8">
         <name>Emif2RegsFile</name>
         <uninitialized>true</uninitialized>
         <run_address>0x47800</run_address>
         <size>0x28</size>
         <input_file_ref idref="fl-8"/>
      </object_component>
      <object_component id="oc-106">
         <name>EPwm1RegsFile</name>
         <uninitialized>true</uninitialized>
         <run_address>0x4000</run_address>
         <size>0x100</size>
         <input_file_ref idref="fl-8"/>
      </object_component>
      <object_component id="oc-107">
         <name>EPwm2RegsFile</name>
         <uninitialized>true</uninitialized>
         <run_address>0x4100</run_address>
         <size>0x100</size>
         <input_file_ref idref="fl-8"/>
      </object_component>
      <object_component id="oc-108">
         <name>EPwm3RegsFile</name>
         <uninitialized>true</uninitialized>
         <run_address>0x4200</run_address>
         <size>0x100</size>
         <input_file_ref idref="fl-8"/>
      </object_component>
      <object_component id="oc-109">
         <name>EPwm4RegsFile</name>
         <uninitialized>true</uninitialized>
         <run_address>0x4300</run_address>
         <size>0x100</size>
         <input_file_ref idref="fl-8"/>
      </object_component>
      <object_component id="oc-10a">
         <name>EPwm5RegsFile</name>
         <uninitialized>true</uninitialized>
         <run_address>0x4400</run_address>
         <size>0x100</size>
         <input_file_ref idref="fl-8"/>
      </object_component>
      <object_component id="oc-10b">
         <name>EPwm6RegsFile</name>
         <uninitialized>true</uninitialized>
         <run_address>0x4500</run_address>
         <size>0x100</size>
         <input_file_ref idref="fl-8"/>
      </object_component>
      <object_component id="oc-10c">
         <name>EPwm7RegsFile</name>
         <uninitialized>true</uninitialized>
         <run_address>0x4600</run_address>
         <size>0x100</size>
         <input_file_ref idref="fl-8"/>
      </object_component>
      <object_component id="oc-10d">
         <name>EPwm8RegsFile</name>
         <uninitialized>true</uninitialized>
         <run_address>0x4700</run_address>
         <size>0x100</size>
         <input_file_ref idref="fl-8"/>
      </object_component>
      <object_component id="oc-10e">
         <name>EPwm9RegsFile</name>
         <uninitialized>true</uninitialized>
         <run_address>0x4800</run_address>
         <size>0x100</size>
         <input_file_ref idref="fl-8"/>
      </object_component>
      <object_component id="oc-10f">
         <name>EPwm10RegsFile</name>
         <uninitialized>true</uninitialized>
         <run_address>0x4900</run_address>
         <size>0x100</size>
         <input_file_ref idref="fl-8"/>
      </object_component>
      <object_component id="oc-110">
         <name>EPwm11RegsFile</name>
         <uninitialized>true</uninitialized>
         <run_address>0x4a00</run_address>
         <size>0x100</size>
         <input_file_ref idref="fl-8"/>
      </object_component>
      <object_component id="oc-111">
         <name>EPwm12RegsFile</name>
         <uninitialized>true</uninitialized>
         <run_address>0x4b00</run_address>
         <size>0x100</size>
         <input_file_ref idref="fl-8"/>
      </object_component>
      <object_component id="oc-fa">
         <name>EPwmXbarRegsFile</name>
         <uninitialized>true</uninitialized>
         <run_address>0x7a00</run_address>
         <size>0x40</size>
         <input_file_ref idref="fl-8"/>
      </object_component>
      <object_component id="oc-df">
         <name>EQep1RegsFile</name>
         <uninitialized>true</uninitialized>
         <run_address>0x5100</run_address>
         <size>0x22</size>
         <input_file_ref idref="fl-8"/>
      </object_component>
      <object_component id="oc-e0">
         <name>EQep2RegsFile</name>
         <uninitialized>true</uninitialized>
         <run_address>0x5140</run_address>
         <size>0x22</size>
         <input_file_ref idref="fl-8"/>
      </object_component>
      <object_component id="oc-e1">
         <name>EQep3RegsFile</name>
         <uninitialized>true</uninitialized>
         <run_address>0x5180</run_address>
         <size>0x22</size>
         <input_file_ref idref="fl-8"/>
      </object_component>
      <object_component id="oc-11a">
         <name>Flash0CtrlRegsFile</name>
         <uninitialized>true</uninitialized>
         <run_address>0x5f800</run_address>
         <size>0x182</size>
         <input_file_ref idref="fl-8"/>
      </object_component>
      <object_component id="oc-e9">
         <name>Flash0EccRegsFile</name>
         <uninitialized>true</uninitialized>
         <run_address>0x5fb00</run_address>
         <size>0x28</size>
         <input_file_ref idref="fl-8"/>
      </object_component>
      <object_component id="oc-b0">
         <name>FlashPumpSemaphoreRegsFile</name>
         <uninitialized>true</uninitialized>
         <run_address>0x50024</run_address>
         <size>0x2</size>
         <input_file_ref idref="fl-8"/>
      </object_component>
      <object_component id="oc-119">
         <name>GpioCtrlRegsFile</name>
         <uninitialized>true</uninitialized>
         <run_address>0x7c00</run_address>
         <size>0x180</size>
         <input_file_ref idref="fl-8"/>
      </object_component>
      <object_component id="oc-ec">
         <name>GpioDataRegsFile</name>
         <uninitialized>true</uninitialized>
         <run_address>0x7f00</run_address>
         <size>0x30</size>
         <input_file_ref idref="fl-8"/>
      </object_component>
      <object_component id="oc-e2">
         <name>I2caRegsFile</name>
         <uninitialized>true</uninitialized>
         <run_address>0x7300</run_address>
         <size>0x22</size>
         <input_file_ref idref="fl-8"/>
      </object_component>
      <object_component id="oc-e3">
         <name>I2cbRegsFile</name>
         <uninitialized>true</uninitialized>
         <run_address>0x7340</run_address>
         <size>0x22</size>
         <input_file_ref idref="fl-8"/>
      </object_component>
      <object_component id="oc-dc">
         <name>InputXbarRegsFile</name>
         <uninitialized>true</uninitialized>
         <run_address>0x7900</run_address>
         <size>0x20</size>
         <input_file_ref idref="fl-8"/>
      </object_component>
      <object_component id="oc-e4">
         <name>IpcRegsFile</name>
         <uninitialized>true</uninitialized>
         <run_address>0x50000</run_address>
         <size>0x24</size>
         <input_file_ref idref="fl-8"/>
      </object_component>
      <object_component id="oc-ee">
         <name>MemoryErrorRegsFile</name>
         <uninitialized>true</uninitialized>
         <run_address>0x5f500</run_address>
         <size>0x3a</size>
         <input_file_ref idref="fl-8"/>
      </object_component>
      <object_component id="oc-ff">
         <name>MemCfgRegsFile</name>
         <uninitialized>true</uninitialized>
         <run_address>0x5f400</run_address>
         <size>0x76</size>
         <input_file_ref idref="fl-8"/>
      </object_component>
      <object_component id="oc-e5">
         <name>McbspaRegsFile</name>
         <uninitialized>true</uninitialized>
         <run_address>0x6000</run_address>
         <size>0x24</size>
         <input_file_ref idref="fl-8"/>
      </object_component>
      <object_component id="oc-e6">
         <name>McbspbRegsFile</name>
         <uninitialized>true</uninitialized>
         <run_address>0x6040</run_address>
         <size>0x24</size>
         <input_file_ref idref="fl-8"/>
      </object_component>
      <object_component id="oc-b8">
         <name>NmiIntruptRegsFile</name>
         <uninitialized>true</uninitialized>
         <run_address>0x7060</run_address>
         <size>0x7</size>
         <input_file_ref idref="fl-8"/>
      </object_component>
      <object_component id="oc-fb">
         <name>OutputXbarRegsFile</name>
         <uninitialized>true</uninitialized>
         <run_address>0x7a80</run_address>
         <size>0x40</size>
         <input_file_ref idref="fl-8"/>
      </object_component>
      <object_component id="oc-d3">
         <name>PieCtrlRegsFile</name>
         <uninitialized>true</uninitialized>
         <run_address>0xce0</run_address>
         <size>0x1a</size>
         <input_file_ref idref="fl-8"/>
      </object_component>
      <object_component id="oc-b1">
         <name>RomPrefetchRegsFile</name>
         <uninitialized>true</uninitialized>
         <run_address>0x5e608</run_address>
         <size>0x2</size>
         <input_file_ref idref="fl-8"/>
      </object_component>
      <object_component id="oc-b2">
         <name>RomWaitStateRegsFile</name>
         <uninitialized>true</uninitialized>
         <run_address>0x5f540</run_address>
         <size>0x2</size>
         <input_file_ref idref="fl-8"/>
      </object_component>
      <object_component id="oc-c0">
         <name>SciaRegsFile</name>
         <uninitialized>true</uninitialized>
         <run_address>0x7200</run_address>
         <size>0x10</size>
         <input_file_ref idref="fl-8"/>
      </object_component>
      <object_component id="oc-c1">
         <name>ScibRegsFile</name>
         <uninitialized>true</uninitialized>
         <run_address>0x7210</run_address>
         <size>0x10</size>
         <input_file_ref idref="fl-8"/>
      </object_component>
      <object_component id="oc-c2">
         <name>ScicRegsFile</name>
         <uninitialized>true</uninitialized>
         <run_address>0x7220</run_address>
         <size>0x10</size>
         <input_file_ref idref="fl-8"/>
      </object_component>
      <object_component id="oc-c3">
         <name>ScidRegsFile</name>
         <uninitialized>true</uninitialized>
         <run_address>0x7230</run_address>
         <size>0x10</size>
         <input_file_ref idref="fl-8"/>
      </object_component>
      <object_component id="oc-fc">
         <name>Sdfm1RegsFile</name>
         <uninitialized>true</uninitialized>
         <run_address>0x5e00</run_address>
         <size>0x48</size>
         <input_file_ref idref="fl-8"/>
      </object_component>
      <object_component id="oc-fd">
         <name>Sdfm2RegsFile</name>
         <uninitialized>true</uninitialized>
         <run_address>0x5e80</run_address>
         <size>0x48</size>
         <input_file_ref idref="fl-8"/>
      </object_component>
      <object_component id="oc-c4">
         <name>SpiaRegsFile</name>
         <uninitialized>true</uninitialized>
         <run_address>0x6100</run_address>
         <size>0x10</size>
         <input_file_ref idref="fl-8"/>
      </object_component>
      <object_component id="oc-c5">
         <name>SpibRegsFile</name>
         <uninitialized>true</uninitialized>
         <run_address>0x6110</run_address>
         <size>0x10</size>
         <input_file_ref idref="fl-8"/>
      </object_component>
      <object_component id="oc-c6">
         <name>SpicRegsFile</name>
         <uninitialized>true</uninitialized>
         <run_address>0x6120</run_address>
         <size>0x10</size>
         <input_file_ref idref="fl-8"/>
      </object_component>
      <object_component id="oc-b4">
         <name>SyncSocRegsFile</name>
         <uninitialized>true</uninitialized>
         <run_address>0x7940</run_address>
         <size>0x6</size>
         <input_file_ref idref="fl-8"/>
      </object_component>
      <object_component id="oc-fe">
         <name>UppRegsFile</name>
         <uninitialized>true</uninitialized>
         <run_address>0x6200</run_address>
         <size>0x48</size>
         <input_file_ref idref="fl-8"/>
      </object_component>
      <object_component id="oc-ea">
         <name>WdRegsFile</name>
         <uninitialized>true</uninitialized>
         <run_address>0x7000</run_address>
         <size>0x2b</size>
         <input_file_ref idref="fl-8"/>
      </object_component>
      <object_component id="oc-c7">
         <name>UidRegsFile</name>
         <uninitialized>true</uninitialized>
         <run_address>0x703c0</run_address>
         <size>0x10</size>
         <input_file_ref idref="fl-8"/>
      </object_component>
      <object_component id="oc-bf">
         <name>XbarRegsFile</name>
         <uninitialized>true</uninitialized>
         <run_address>0x7920</run_address>
         <size>0xe</size>
         <input_file_ref idref="fl-8"/>
      </object_component>
      <object_component id="oc-be">
         <name>XintRegsFile</name>
         <uninitialized>true</uninitialized>
         <run_address>0x7070</run_address>
         <size>0xb</size>
         <input_file_ref idref="fl-8"/>
      </object_component>
      <object_component id="oc-8e">
         <name>.debug_info</name>
         <load_address>0x0</load_address>
         <run_address>0x0</run_address>
         <size>0x48a8</size>
         <input_file_ref idref="fl-2"/>
      </object_component>
      <object_component id="oc-96">
         <name>.debug_info</name>
         <load_address>0x48a8</load_address>
         <run_address>0x48a8</run_address>
         <size>0x144</size>
         <input_file_ref idref="fl-3"/>
      </object_component>
      <object_component id="oc-99">
         <name>.debug_info</name>
         <load_address>0x49ec</load_address>
         <run_address>0x49ec</run_address>
         <size>0x999</size>
         <input_file_ref idref="fl-4"/>
      </object_component>
      <object_component id="oc-9f">
         <name>.debug_info</name>
         <load_address>0x5385</load_address>
         <run_address>0x5385</run_address>
         <size>0x34f6</size>
         <input_file_ref idref="fl-5"/>
      </object_component>
      <object_component id="oc-a5">
         <name>.debug_info</name>
         <load_address>0x887b</load_address>
         <run_address>0x887b</run_address>
         <size>0xf3ec</size>
         <input_file_ref idref="fl-6"/>
      </object_component>
      <object_component id="oc-aa">
         <name>.debug_info</name>
         <load_address>0x17c67</load_address>
         <run_address>0x17c67</run_address>
         <size>0xf3ec</size>
         <input_file_ref idref="fl-7"/>
      </object_component>
      <object_component id="oc-af">
         <name>.debug_info</name>
         <load_address>0x27053</load_address>
         <run_address>0x27053</run_address>
         <size>0x5744b</size>
         <input_file_ref idref="fl-8"/>
      </object_component>
      <object_component id="oc-11d">
         <name>.debug_info</name>
         <load_address>0x7e49e</load_address>
         <run_address>0x7e49e</run_address>
         <size>0x19f7d</size>
         <input_file_ref idref="fl-9"/>
      </object_component>
      <object_component id="oc-122">
         <name>.debug_info</name>
         <load_address>0x9841b</load_address>
         <run_address>0x9841b</run_address>
         <size>0x3567</size>
         <input_file_ref idref="fl-a"/>
      </object_component>
      <object_component id="oc-127">
         <name>.debug_info</name>
         <load_address>0x9b982</load_address>
         <run_address>0x9b982</run_address>
         <size>0x672d</size>
         <input_file_ref idref="fl-b"/>
      </object_component>
      <object_component id="oc-12c">
         <name>.debug_info</name>
         <load_address>0xa20af</load_address>
         <run_address>0xa20af</run_address>
         <size>0xfcd3</size>
         <input_file_ref idref="fl-c"/>
      </object_component>
      <object_component id="oc-131">
         <name>.debug_info</name>
         <load_address>0xb1d82</load_address>
         <run_address>0xb1d82</run_address>
         <size>0xccc1</size>
         <input_file_ref idref="fl-d"/>
      </object_component>
      <object_component id="oc-138">
         <name>.debug_info</name>
         <load_address>0xbea43</load_address>
         <run_address>0xbea43</run_address>
         <size>0x10e</size>
         <input_file_ref idref="fl-e"/>
      </object_component>
      <object_component id="oc-13b">
         <name>.debug_info</name>
         <load_address>0xbeb51</load_address>
         <run_address>0xbeb51</run_address>
         <size>0x1201</size>
         <input_file_ref idref="fl-f"/>
      </object_component>
      <object_component id="oc-142">
         <name>.debug_info</name>
         <load_address>0xbfd52</load_address>
         <run_address>0xbfd52</run_address>
         <size>0x2656d</size>
         <input_file_ref idref="fl-10"/>
      </object_component>
      <object_component id="oc-14c">
         <name>.debug_info</name>
         <load_address>0xe62bf</load_address>
         <run_address>0xe62bf</run_address>
         <size>0x173</size>
         <input_file_ref idref="fl-22"/>
      </object_component>
      <object_component id="oc-150">
         <name>.debug_info</name>
         <load_address>0xe6432</load_address>
         <run_address>0xe6432</run_address>
         <size>0x561</size>
         <input_file_ref idref="fl-23"/>
      </object_component>
      <object_component id="oc-155">
         <name>.debug_info</name>
         <load_address>0xe6993</load_address>
         <run_address>0xe6993</run_address>
         <size>0x43a</size>
         <input_file_ref idref="fl-24"/>
      </object_component>
      <object_component id="oc-15a">
         <name>.debug_info</name>
         <load_address>0xe6dcd</load_address>
         <run_address>0xe6dcd</run_address>
         <size>0x3ad</size>
         <input_file_ref idref="fl-25"/>
      </object_component>
      <object_component id="oc-15f">
         <name>.debug_info</name>
         <load_address>0xe717a</load_address>
         <run_address>0xe717a</run_address>
         <size>0x3aa</size>
         <input_file_ref idref="fl-26"/>
      </object_component>
      <object_component id="oc-164">
         <name>.debug_info</name>
         <load_address>0xe7524</load_address>
         <run_address>0xe7524</run_address>
         <size>0x544</size>
         <input_file_ref idref="fl-27"/>
      </object_component>
      <object_component id="oc-16b">
         <name>.debug_info</name>
         <load_address>0xe7a68</load_address>
         <run_address>0xe7a68</run_address>
         <size>0x4cc</size>
         <input_file_ref idref="fl-28"/>
      </object_component>
      <object_component id="oc-170">
         <name>.debug_info</name>
         <load_address>0xe7f34</load_address>
         <run_address>0xe7f34</run_address>
         <size>0x467</size>
         <input_file_ref idref="fl-29"/>
      </object_component>
      <object_component id="oc-175">
         <name>.debug_info</name>
         <load_address>0xe839b</load_address>
         <run_address>0xe839b</run_address>
         <size>0x506</size>
         <input_file_ref idref="fl-2d"/>
      </object_component>
      <object_component id="oc-17b">
         <name>.debug_info</name>
         <load_address>0xe88a1</load_address>
         <run_address>0xe88a1</run_address>
         <size>0x6f2</size>
         <input_file_ref idref="fl-2e"/>
      </object_component>
      <object_component id="oc-181">
         <name>.debug_info</name>
         <load_address>0xe8f93</load_address>
         <run_address>0xe8f93</run_address>
         <size>0x6a4</size>
         <input_file_ref idref="fl-2f"/>
      </object_component>
      <object_component id="oc-189">
         <name>.debug_info</name>
         <load_address>0xe9637</load_address>
         <run_address>0xe9637</run_address>
         <size>0x114</size>
         <input_file_ref idref="fl-30"/>
      </object_component>
      <object_component id="oc-239">
         <name>.debug_info</name>
         <load_address>0xe974b</load_address>
         <run_address>0xe974b</run_address>
         <size>0xc8</size>
      </object_component>
      <object_component id="oc-8f">
         <name>.debug_frame</name>
         <load_address>0x0</load_address>
         <run_address>0x0</run_address>
         <size>0x60</size>
         <input_file_ref idref="fl-2"/>
      </object_component>
      <object_component id="oc-9b">
         <name>.debug_frame</name>
         <load_address>0x60</load_address>
         <run_address>0x60</run_address>
         <size>0x5c</size>
         <input_file_ref idref="fl-4"/>
      </object_component>
      <object_component id="oc-a1">
         <name>.debug_frame</name>
         <load_address>0xbc</load_address>
         <run_address>0xbc</run_address>
         <size>0x11d0</size>
         <input_file_ref idref="fl-5"/>
      </object_component>
      <object_component id="oc-a6">
         <name>.debug_frame</name>
         <load_address>0x128c</load_address>
         <run_address>0x128c</run_address>
         <size>0x28</size>
         <input_file_ref idref="fl-6"/>
      </object_component>
      <object_component id="oc-ab">
         <name>.debug_frame</name>
         <load_address>0x12b4</load_address>
         <run_address>0x12b4</run_address>
         <size>0x28</size>
         <input_file_ref idref="fl-7"/>
      </object_component>
      <object_component id="oc-11e">
         <name>.debug_frame</name>
         <load_address>0x12dc</load_address>
         <run_address>0x12dc</run_address>
         <size>0x1a8</size>
         <input_file_ref idref="fl-9"/>
      </object_component>
      <object_component id="oc-123">
         <name>.debug_frame</name>
         <load_address>0x1484</load_address>
         <run_address>0x1484</run_address>
         <size>0x58</size>
         <input_file_ref idref="fl-a"/>
      </object_component>
      <object_component id="oc-128">
         <name>.debug_frame</name>
         <load_address>0x14dc</load_address>
         <run_address>0x14dc</run_address>
         <size>0x44</size>
         <input_file_ref idref="fl-b"/>
      </object_component>
      <object_component id="oc-12d">
         <name>.debug_frame</name>
         <load_address>0x1520</load_address>
         <run_address>0x1520</run_address>
         <size>0x28</size>
         <input_file_ref idref="fl-c"/>
      </object_component>
      <object_component id="oc-132">
         <name>.debug_frame</name>
         <load_address>0x1548</load_address>
         <run_address>0x1548</run_address>
         <size>0x260</size>
         <input_file_ref idref="fl-d"/>
      </object_component>
      <object_component id="oc-13e">
         <name>.debug_frame</name>
         <load_address>0x17a8</load_address>
         <run_address>0x17a8</run_address>
         <size>0x28</size>
         <input_file_ref idref="fl-f"/>
      </object_component>
      <object_component id="oc-146">
         <name>.debug_frame</name>
         <load_address>0x17d0</load_address>
         <run_address>0x17d0</run_address>
         <size>0x63c</size>
         <input_file_ref idref="fl-10"/>
      </object_component>
      <object_component id="oc-151">
         <name>.debug_frame</name>
         <load_address>0x1e0c</load_address>
         <run_address>0x1e0c</run_address>
         <size>0x60</size>
         <input_file_ref idref="fl-23"/>
      </object_component>
      <object_component id="oc-156">
         <name>.debug_frame</name>
         <load_address>0x1e6c</load_address>
         <run_address>0x1e6c</run_address>
         <size>0x40</size>
         <input_file_ref idref="fl-24"/>
      </object_component>
      <object_component id="oc-15b">
         <name>.debug_frame</name>
         <load_address>0x1eac</load_address>
         <run_address>0x1eac</run_address>
         <size>0x40</size>
         <input_file_ref idref="fl-25"/>
      </object_component>
      <object_component id="oc-160">
         <name>.debug_frame</name>
         <load_address>0x1eec</load_address>
         <run_address>0x1eec</run_address>
         <size>0x40</size>
         <input_file_ref idref="fl-26"/>
      </object_component>
      <object_component id="oc-167">
         <name>.debug_frame</name>
         <load_address>0x1f2c</load_address>
         <run_address>0x1f2c</run_address>
         <size>0x60</size>
         <input_file_ref idref="fl-27"/>
      </object_component>
      <object_component id="oc-16c">
         <name>.debug_frame</name>
         <load_address>0x1f8c</load_address>
         <run_address>0x1f8c</run_address>
         <size>0x70</size>
         <input_file_ref idref="fl-28"/>
      </object_component>
      <object_component id="oc-171">
         <name>.debug_frame</name>
         <load_address>0x1ffc</load_address>
         <run_address>0x1ffc</run_address>
         <size>0x40</size>
         <input_file_ref idref="fl-29"/>
      </object_component>
      <object_component id="oc-177">
         <name>.debug_frame</name>
         <load_address>0x203c</load_address>
         <run_address>0x203c</run_address>
         <size>0x28</size>
         <input_file_ref idref="fl-2d"/>
      </object_component>
      <object_component id="oc-17d">
         <name>.debug_frame</name>
         <load_address>0x2064</load_address>
         <run_address>0x2064</run_address>
         <size>0x28</size>
         <input_file_ref idref="fl-2e"/>
      </object_component>
      <object_component id="oc-184">
         <name>.debug_frame</name>
         <load_address>0x208c</load_address>
         <run_address>0x208c</run_address>
         <size>0x28</size>
         <input_file_ref idref="fl-2f"/>
      </object_component>
      <object_component id="oc-90">
         <name>.debug_line</name>
         <load_address>0x0</load_address>
         <run_address>0x0</run_address>
         <size>0x10c</size>
         <input_file_ref idref="fl-2"/>
      </object_component>
      <object_component id="oc-95">
         <name>.debug_line</name>
         <load_address>0x10c</load_address>
         <run_address>0x10c</run_address>
         <size>0x63</size>
         <input_file_ref idref="fl-3"/>
      </object_component>
      <object_component id="oc-9c">
         <name>.debug_line</name>
         <load_address>0x16f</load_address>
         <run_address>0x16f</run_address>
         <size>0x87</size>
         <input_file_ref idref="fl-4"/>
      </object_component>
      <object_component id="oc-a2">
         <name>.debug_line</name>
         <load_address>0x1f6</load_address>
         <run_address>0x1f6</run_address>
         <size>0xcdf</size>
         <input_file_ref idref="fl-5"/>
      </object_component>
      <object_component id="oc-a7">
         <name>.debug_line</name>
         <load_address>0xed5</load_address>
         <run_address>0xed5</run_address>
         <size>0x32</size>
         <input_file_ref idref="fl-6"/>
      </object_component>
      <object_component id="oc-ac">
         <name>.debug_line</name>
         <load_address>0xf07</load_address>
         <run_address>0xf07</run_address>
         <size>0x32</size>
         <input_file_ref idref="fl-7"/>
      </object_component>
      <object_component id="oc-11f">
         <name>.debug_line</name>
         <load_address>0xf39</load_address>
         <run_address>0xf39</run_address>
         <size>0x23d</size>
         <input_file_ref idref="fl-9"/>
      </object_component>
      <object_component id="oc-124">
         <name>.debug_line</name>
         <load_address>0x1176</load_address>
         <run_address>0x1176</run_address>
         <size>0x87</size>
         <input_file_ref idref="fl-a"/>
      </object_component>
      <object_component id="oc-129">
         <name>.debug_line</name>
         <load_address>0x11fd</load_address>
         <run_address>0x11fd</run_address>
         <size>0x69</size>
         <input_file_ref idref="fl-b"/>
      </object_component>
      <object_component id="oc-12e">
         <name>.debug_line</name>
         <load_address>0x1266</load_address>
         <run_address>0x1266</run_address>
         <size>0x31</size>
         <input_file_ref idref="fl-c"/>
      </object_component>
      <object_component id="oc-133">
         <name>.debug_line</name>
         <load_address>0x1297</load_address>
         <run_address>0x1297</run_address>
         <size>0x593</size>
         <input_file_ref idref="fl-d"/>
      </object_component>
      <object_component id="oc-137">
         <name>.debug_line</name>
         <load_address>0x182a</load_address>
         <run_address>0x182a</run_address>
         <size>0x4a</size>
         <input_file_ref idref="fl-e"/>
      </object_component>
      <object_component id="oc-13f">
         <name>.debug_line</name>
         <load_address>0x1874</load_address>
         <run_address>0x1874</run_address>
         <size>0x128</size>
         <input_file_ref idref="fl-f"/>
      </object_component>
      <object_component id="oc-147">
         <name>.debug_line</name>
         <load_address>0x199c</load_address>
         <run_address>0x199c</run_address>
         <size>0xa6e</size>
         <input_file_ref idref="fl-10"/>
      </object_component>
      <object_component id="oc-14d">
         <name>.debug_line</name>
         <load_address>0x240a</load_address>
         <run_address>0x240a</run_address>
         <size>0x7e</size>
         <input_file_ref idref="fl-22"/>
      </object_component>
      <object_component id="oc-152">
         <name>.debug_line</name>
         <load_address>0x2488</load_address>
         <run_address>0x2488</run_address>
         <size>0x50</size>
         <input_file_ref idref="fl-23"/>
      </object_component>
      <object_component id="oc-157">
         <name>.debug_line</name>
         <load_address>0x24d8</load_address>
         <run_address>0x24d8</run_address>
         <size>0x62</size>
         <input_file_ref idref="fl-24"/>
      </object_component>
      <object_component id="oc-15c">
         <name>.debug_line</name>
         <load_address>0x253a</load_address>
         <run_address>0x253a</run_address>
         <size>0x3e</size>
         <input_file_ref idref="fl-25"/>
      </object_component>
      <object_component id="oc-161">
         <name>.debug_line</name>
         <load_address>0x2578</load_address>
         <run_address>0x2578</run_address>
         <size>0x3a</size>
         <input_file_ref idref="fl-26"/>
      </object_component>
      <object_component id="oc-168">
         <name>.debug_line</name>
         <load_address>0x25b2</load_address>
         <run_address>0x25b2</run_address>
         <size>0x65</size>
         <input_file_ref idref="fl-27"/>
      </object_component>
      <object_component id="oc-16d">
         <name>.debug_line</name>
         <load_address>0x2617</load_address>
         <run_address>0x2617</run_address>
         <size>0x5e</size>
         <input_file_ref idref="fl-28"/>
      </object_component>
      <object_component id="oc-172">
         <name>.debug_line</name>
         <load_address>0x2675</load_address>
         <run_address>0x2675</run_address>
         <size>0x4f</size>
         <input_file_ref idref="fl-29"/>
      </object_component>
      <object_component id="oc-178">
         <name>.debug_line</name>
         <load_address>0x26c4</load_address>
         <run_address>0x26c4</run_address>
         <size>0xe1</size>
         <input_file_ref idref="fl-2d"/>
      </object_component>
      <object_component id="oc-17e">
         <name>.debug_line</name>
         <load_address>0x27a5</load_address>
         <run_address>0x27a5</run_address>
         <size>0x140</size>
         <input_file_ref idref="fl-2e"/>
      </object_component>
      <object_component id="oc-185">
         <name>.debug_line</name>
         <load_address>0x28e5</load_address>
         <run_address>0x28e5</run_address>
         <size>0x148</size>
         <input_file_ref idref="fl-2f"/>
      </object_component>
      <object_component id="oc-18a">
         <name>.debug_line</name>
         <load_address>0x2a2d</load_address>
         <run_address>0x2a2d</run_address>
         <size>0xad</size>
         <input_file_ref idref="fl-30"/>
      </object_component>
      <object_component id="oc-91">
         <name>.debug_abbrev</name>
         <load_address>0x0</load_address>
         <run_address>0x0</run_address>
         <size>0x13c</size>
         <input_file_ref idref="fl-2"/>
      </object_component>
      <object_component id="oc-97">
         <name>.debug_abbrev</name>
         <load_address>0x13c</load_address>
         <run_address>0x13c</run_address>
         <size>0x21</size>
         <input_file_ref idref="fl-3"/>
      </object_component>
      <object_component id="oc-9d">
         <name>.debug_abbrev</name>
         <load_address>0x15d</load_address>
         <run_address>0x15d</run_address>
         <size>0xfd</size>
         <input_file_ref idref="fl-4"/>
      </object_component>
      <object_component id="oc-a3">
         <name>.debug_abbrev</name>
         <load_address>0x25a</load_address>
         <run_address>0x25a</run_address>
         <size>0xb6</size>
         <input_file_ref idref="fl-5"/>
      </object_component>
      <object_component id="oc-a8">
         <name>.debug_abbrev</name>
         <load_address>0x310</load_address>
         <run_address>0x310</run_address>
         <size>0x143</size>
         <input_file_ref idref="fl-6"/>
      </object_component>
      <object_component id="oc-ad">
         <name>.debug_abbrev</name>
         <load_address>0x453</load_address>
         <run_address>0x453</run_address>
         <size>0x143</size>
         <input_file_ref idref="fl-7"/>
      </object_component>
      <object_component id="oc-11c">
         <name>.debug_abbrev</name>
         <load_address>0x596</load_address>
         <run_address>0x596</run_address>
         <size>0xcb</size>
         <input_file_ref idref="fl-8"/>
      </object_component>
      <object_component id="oc-120">
         <name>.debug_abbrev</name>
         <load_address>0x661</load_address>
         <run_address>0x661</run_address>
         <size>0x191</size>
         <input_file_ref idref="fl-9"/>
      </object_component>
      <object_component id="oc-125">
         <name>.debug_abbrev</name>
         <load_address>0x7f2</load_address>
         <run_address>0x7f2</run_address>
         <size>0xc8</size>
         <input_file_ref idref="fl-a"/>
      </object_component>
      <object_component id="oc-12a">
         <name>.debug_abbrev</name>
         <load_address>0x8ba</load_address>
         <run_address>0x8ba</run_address>
         <size>0x116</size>
         <input_file_ref idref="fl-b"/>
      </object_component>
      <object_component id="oc-12f">
         <name>.debug_abbrev</name>
         <load_address>0x9d0</load_address>
         <run_address>0x9d0</run_address>
         <size>0xf5</size>
         <input_file_ref idref="fl-c"/>
      </object_component>
      <object_component id="oc-134">
         <name>.debug_abbrev</name>
         <load_address>0xac5</load_address>
         <run_address>0xac5</run_address>
         <size>0x1b5</size>
         <input_file_ref idref="fl-d"/>
      </object_component>
      <object_component id="oc-139">
         <name>.debug_abbrev</name>
         <load_address>0xc7a</load_address>
         <run_address>0xc7a</run_address>
         <size>0x2f</size>
         <input_file_ref idref="fl-e"/>
      </object_component>
      <object_component id="oc-140">
         <name>.debug_abbrev</name>
         <load_address>0xca9</load_address>
         <run_address>0xca9</run_address>
         <size>0x1b6</size>
         <input_file_ref idref="fl-f"/>
      </object_component>
      <object_component id="oc-148">
         <name>.debug_abbrev</name>
         <load_address>0xe5f</load_address>
         <run_address>0xe5f</run_address>
         <size>0x204</size>
         <input_file_ref idref="fl-10"/>
      </object_component>
      <object_component id="oc-14e">
         <name>.debug_abbrev</name>
         <load_address>0x1063</load_address>
         <run_address>0x1063</run_address>
         <size>0x46</size>
         <input_file_ref idref="fl-22"/>
      </object_component>
      <object_component id="oc-153">
         <name>.debug_abbrev</name>
         <load_address>0x10a9</load_address>
         <run_address>0x10a9</run_address>
         <size>0xe3</size>
         <input_file_ref idref="fl-23"/>
      </object_component>
      <object_component id="oc-158">
         <name>.debug_abbrev</name>
         <load_address>0x118c</load_address>
         <run_address>0x118c</run_address>
         <size>0xa8</size>
         <input_file_ref idref="fl-24"/>
      </object_component>
      <object_component id="oc-15d">
         <name>.debug_abbrev</name>
         <load_address>0x1234</load_address>
         <run_address>0x1234</run_address>
         <size>0x68</size>
         <input_file_ref idref="fl-25"/>
      </object_component>
      <object_component id="oc-162">
         <name>.debug_abbrev</name>
         <load_address>0x129c</load_address>
         <run_address>0x129c</run_address>
         <size>0x66</size>
         <input_file_ref idref="fl-26"/>
      </object_component>
      <object_component id="oc-169">
         <name>.debug_abbrev</name>
         <load_address>0x1302</load_address>
         <run_address>0x1302</run_address>
         <size>0x130</size>
         <input_file_ref idref="fl-27"/>
      </object_component>
      <object_component id="oc-16e">
         <name>.debug_abbrev</name>
         <load_address>0x1432</load_address>
         <run_address>0x1432</run_address>
         <size>0xb2</size>
         <input_file_ref idref="fl-28"/>
      </object_component>
      <object_component id="oc-173">
         <name>.debug_abbrev</name>
         <load_address>0x14e4</load_address>
         <run_address>0x14e4</run_address>
         <size>0xee</size>
         <input_file_ref idref="fl-29"/>
      </object_component>
      <object_component id="oc-179">
         <name>.debug_abbrev</name>
         <load_address>0x15d2</load_address>
         <run_address>0x15d2</run_address>
         <size>0x126</size>
         <input_file_ref idref="fl-2d"/>
      </object_component>
      <object_component id="oc-17f">
         <name>.debug_abbrev</name>
         <load_address>0x16f8</load_address>
         <run_address>0x16f8</run_address>
         <size>0x1cf</size>
         <input_file_ref idref="fl-2e"/>
      </object_component>
      <object_component id="oc-186">
         <name>.debug_abbrev</name>
         <load_address>0x18c7</load_address>
         <run_address>0x18c7</run_address>
         <size>0x212</size>
         <input_file_ref idref="fl-2f"/>
      </object_component>
      <object_component id="oc-18b">
         <name>.debug_abbrev</name>
         <load_address>0x1ad9</load_address>
         <run_address>0x1ad9</run_address>
         <size>0x38</size>
         <input_file_ref idref="fl-30"/>
      </object_component>
      <object_component id="oc-23a">
         <name>.debug_abbrev</name>
         <load_address>0x1b11</load_address>
         <run_address>0x1b11</run_address>
         <size>0xf</size>
      </object_component>
      <object_component id="oc-92">
         <name>.debug_aranges</name>
         <load_address>0x0</load_address>
         <run_address>0x0</run_address>
         <size>0x28</size>
         <input_file_ref idref="fl-2"/>
      </object_component>
      <object_component id="oc-98">
         <name>.debug_aranges</name>
         <load_address>0x28</load_address>
         <run_address>0x28</run_address>
         <size>0x28</size>
         <input_file_ref idref="fl-3"/>
      </object_component>
      <object_component id="oc-9e">
         <name>.debug_aranges</name>
         <load_address>0x50</load_address>
         <run_address>0x50</run_address>
         <size>0x28</size>
         <input_file_ref idref="fl-4"/>
      </object_component>
      <object_component id="oc-a4">
         <name>.debug_aranges</name>
         <load_address>0x78</load_address>
         <run_address>0x78</run_address>
         <size>0x480</size>
         <input_file_ref idref="fl-5"/>
      </object_component>
      <object_component id="oc-a9">
         <name>.debug_aranges</name>
         <load_address>0x4f8</load_address>
         <run_address>0x4f8</run_address>
         <size>0x18</size>
         <input_file_ref idref="fl-6"/>
      </object_component>
      <object_component id="oc-ae">
         <name>.debug_aranges</name>
         <load_address>0x510</load_address>
         <run_address>0x510</run_address>
         <size>0x18</size>
         <input_file_ref idref="fl-7"/>
      </object_component>
      <object_component id="oc-121">
         <name>.debug_aranges</name>
         <load_address>0x528</load_address>
         <run_address>0x528</run_address>
         <size>0x88</size>
         <input_file_ref idref="fl-9"/>
      </object_component>
      <object_component id="oc-126">
         <name>.debug_aranges</name>
         <load_address>0x5b0</load_address>
         <run_address>0x5b0</run_address>
         <size>0x28</size>
         <input_file_ref idref="fl-a"/>
      </object_component>
      <object_component id="oc-12b">
         <name>.debug_aranges</name>
         <load_address>0x5d8</load_address>
         <run_address>0x5d8</run_address>
         <size>0x20</size>
         <input_file_ref idref="fl-b"/>
      </object_component>
      <object_component id="oc-130">
         <name>.debug_aranges</name>
         <load_address>0x5f8</load_address>
         <run_address>0x5f8</run_address>
         <size>0x18</size>
         <input_file_ref idref="fl-c"/>
      </object_component>
      <object_component id="oc-135">
         <name>.debug_aranges</name>
         <load_address>0x610</load_address>
         <run_address>0x610</run_address>
         <size>0xd0</size>
         <input_file_ref idref="fl-d"/>
      </object_component>
      <object_component id="oc-13a">
         <name>.debug_aranges</name>
         <load_address>0x6e0</load_address>
         <run_address>0x6e0</run_address>
         <size>0x20</size>
         <input_file_ref idref="fl-e"/>
      </object_component>
      <object_component id="oc-141">
         <name>.debug_aranges</name>
         <load_address>0x700</load_address>
         <run_address>0x700</run_address>
         <size>0x18</size>
         <input_file_ref idref="fl-f"/>
      </object_component>
      <object_component id="oc-149">
         <name>.debug_aranges</name>
         <load_address>0x718</load_address>
         <run_address>0x718</run_address>
         <size>0x1b0</size>
         <input_file_ref idref="fl-10"/>
      </object_component>
      <object_component id="oc-14f">
         <name>.debug_aranges</name>
         <load_address>0x8c8</load_address>
         <run_address>0x8c8</run_address>
         <size>0x20</size>
         <input_file_ref idref="fl-22"/>
      </object_component>
      <object_component id="oc-154">
         <name>.debug_aranges</name>
         <load_address>0x8e8</load_address>
         <run_address>0x8e8</run_address>
         <size>0x20</size>
         <input_file_ref idref="fl-23"/>
      </object_component>
      <object_component id="oc-159">
         <name>.debug_aranges</name>
         <load_address>0x908</load_address>
         <run_address>0x908</run_address>
         <size>0x20</size>
         <input_file_ref idref="fl-24"/>
      </object_component>
      <object_component id="oc-15e">
         <name>.debug_aranges</name>
         <load_address>0x928</load_address>
         <run_address>0x928</run_address>
         <size>0x20</size>
         <input_file_ref idref="fl-25"/>
      </object_component>
      <object_component id="oc-163">
         <name>.debug_aranges</name>
         <load_address>0x948</load_address>
         <run_address>0x948</run_address>
         <size>0x20</size>
         <input_file_ref idref="fl-26"/>
      </object_component>
      <object_component id="oc-16a">
         <name>.debug_aranges</name>
         <load_address>0x968</load_address>
         <run_address>0x968</run_address>
         <size>0x28</size>
         <input_file_ref idref="fl-27"/>
      </object_component>
      <object_component id="oc-16f">
         <name>.debug_aranges</name>
         <load_address>0x990</load_address>
         <run_address>0x990</run_address>
         <size>0x30</size>
         <input_file_ref idref="fl-28"/>
      </object_component>
      <object_component id="oc-174">
         <name>.debug_aranges</name>
         <load_address>0x9c0</load_address>
         <run_address>0x9c0</run_address>
         <size>0x20</size>
         <input_file_ref idref="fl-29"/>
      </object_component>
      <object_component id="oc-17a">
         <name>.debug_aranges</name>
         <load_address>0x9e0</load_address>
         <run_address>0x9e0</run_address>
         <size>0x18</size>
         <input_file_ref idref="fl-2d"/>
      </object_component>
      <object_component id="oc-180">
         <name>.debug_aranges</name>
         <load_address>0x9f8</load_address>
         <run_address>0x9f8</run_address>
         <size>0x18</size>
         <input_file_ref idref="fl-2e"/>
      </object_component>
      <object_component id="oc-187">
         <name>.debug_aranges</name>
         <load_address>0xa10</load_address>
         <run_address>0xa10</run_address>
         <size>0x18</size>
         <input_file_ref idref="fl-2f"/>
      </object_component>
      <object_component id="oc-18c">
         <name>.debug_aranges</name>
         <load_address>0xa28</load_address>
         <run_address>0xa28</run_address>
         <size>0x20</size>
         <input_file_ref idref="fl-30"/>
      </object_component>
   </object_component_list>
   <logical_group_list>
      <logical_group id="lg-2" display="no" color="cyan">
         <name>.cinit</name>
         <load_address>0x82000</load_address>
         <run_address>0x82000</run_address>
         <size>0x20c</size>
         <contents>
            <object_component_ref idref="oc-143"/>
            <object_component_ref idref="oc-13c"/>
            <object_component_ref idref="oc-165"/>
            <object_component_ref idref="oc-195"/>
            <object_component_ref idref="oc-19d"/>
         </contents>
      </logical_group>
      <logical_group id="lg-3" display="no" color="cyan">
         <name>.pinit</name>
         <run_address>0x0</run_address>
         <size>0x0</size>
         <contents>
         </contents>
      </logical_group>
      <logical_group id="lg-235" display="no" color="cyan">
         <name>.text.1</name>
         <load_address>0x8220c</load_address>
         <run_address>0x8220c</run_address>
         <size>0x1df4</size>
         <contents>
            <object_component_ref idref="oc-192"/>
            <object_component_ref idref="oc-a0"/>
            <object_component_ref idref="oc-197"/>
            <object_component_ref idref="oc-196"/>
            <object_component_ref idref="oc-145"/>
            <object_component_ref idref="oc-19a"/>
            <object_component_ref idref="oc-188"/>
            <object_component_ref idref="oc-19b"/>
            <object_component_ref idref="oc-191"/>
            <object_component_ref idref="oc-193"/>
         </contents>
      </logical_group>
      <logical_group id="lg-236" display="no" color="cyan">
         <name>.text.2</name>
         <load_address>0x84000</load_address>
         <run_address>0x84000</run_address>
         <size>0xee</size>
         <contents>
            <object_component_ref idref="oc-8d"/>
            <object_component_ref idref="oc-198"/>
            <object_component_ref idref="oc-199"/>
            <object_component_ref idref="oc-18e"/>
            <object_component_ref idref="oc-190"/>
            <object_component_ref idref="oc-19c"/>
            <object_component_ref idref="oc-93"/>
            <object_component_ref idref="oc-18d"/>
            <object_component_ref idref="oc-18f"/>
         </contents>
      </logical_group>
      <split_section id="lg-4" display="no" color="cyan">
         <name>.text</name>
         <contents>
            <logical_group_ref idref="lg-235"/>
            <logical_group_ref idref="lg-236"/>
         </contents>
      </split_section>
[...]
      </symbol>
      <symbol id="sm-56a">
         <name>_F28x_usDelay</name>
         <value>0x8037</value>
         <object_component_ref idref="oc-136"/>
      </symbol>
      <symbol id="sm-578">
         <name>_Example_Fail</name>
         <value>0xa92c</value>
         <object_component_ref idref="oc-13d"/>
      </symbol>
      <symbol id="sm-579">
         <name>_Example_Result</name>
         <value>0xa928</value>
         <object_component_ref idref="oc-13d"/>
      </symbol>
      <symbol id="sm-57a">
         <name>_Example_PassCount</name>
         <value>0xa92a</value>
         <object_component_ref idref="oc-13d"/>
      </symbol>
      <symbol id="sm-624">
         <name>_gDrvDeviceID</name>
         <value>0xa819</value>
         <object_component_ref idref="oc-144"/>
      </symbol>
      <symbol id="sm-625">
         <name>_gIB_sum</name>
         <value>0xa88a</value>
         <object_component_ref idref="oc-144"/>
      </symbol>
      <symbol id="sm-626">
         <name>_gIqRefTarget_A</name>
         <value>0xa856</value>
         <object_component_ref idref="oc-144"/>
      </symbol>
      <symbol id="sm-627">
         <name>_gFaultState</name>
         <value>0xa80c</value>
         <object_component_ref idref="oc-144"/>
      </symbol>
      <symbol id="sm-628">
         <name>_main</name>
         <value>0x8253c</value>
         <object_component_ref idref="oc-192"/>
      </symbol>
      <symbol id="sm-62a">
         <name>_gFaultActive</name>
         <value>0xa80e</value>
         <object_component_ref idref="oc-144"/>
      </symbol>
      <symbol id="sm-62b">
         <name>_gVBS_adc_V</name>
         <value>0xa828</value>
         <object_component_ref idref="oc-144"/>
      </symbol>
      <symbol id="sm-62c">
         <name>_gSpeedPI</name>
         <value>0xa8ae</value>
         <object_component_ref idref="oc-144"/>
      </symbol>
      <symbol id="sm-62d">
         <name>_gThetaMechEncRad</name>
         <value>0xa864</value>
         <object_component_ref idref="oc-144"/>
      </symbol>
      <symbol id="sm-62e">
         <name>_gAlignQepCountSum</name>
         <value>0xa87a</value>
         <object_component_ref idref="oc-144"/>
      </symbol>
      <symbol id="sm-62f">
         <name>_gCalActive</name>
         <value>0xa808</value>
         <object_component_ref idref="oc-144"/>
      </symbol>
      <symbol id="sm-630">
         <name>_gIA_A_filt</name>
         <value>0xa83e</value>
         <object_component_ref idref="oc-144"/>
      </symbol>
      <symbol id="sm-631">
         <name>_gQepPrevCount</name>
         <value>0xa874</value>
         <object_component_ref idref="oc-144"/>
      </symbol>
      <symbol id="sm-632">
         <name>_gVbetaCmd_V</name>
         <value>0xa884</value>
         <object_component_ref idref="oc-144"/>
      </symbol>
      <symbol id="sm-633">
         <name>_gStartCmdPrev</name>
         <value>0xa81f</value>
         <object_component_ref idref="oc-144"/>
      </symbol>
      <symbol id="sm-634">
         <name>_gTractionDriveEnable</name>
         <value>0xa823</value>
         <object_component_ref idref="oc-144"/>
      </symbol>
      <symbol id="sm-635">
         <name>_gIA_adc_V</name>
         <value>0xa824</value>
         <object_component_ref idref="oc-144"/>
      </symbol>
      <symbol id="sm-636">
         <name>_gDrvStat2Data</name>
         <value>0xa815</value>
         <object_component_ref idref="oc-144"/>
      </symbol>
      <symbol id="sm-637">
         <name>_gPwmEnabled</name>
         <value>0xa81c</value>
         <object_component_ref idref="oc-144"/>
      </symbol>
      <symbol id="sm-638">
         <name>_gCsaGain_VV</name>
         <value>0xa836</value>
         <object_component_ref idref="oc-144"/>
      </symbol>
      <symbol id="sm-639">
         <name>_gDrvFrameFault</name>
         <value>0xa818</value>
         <object_component_ref idref="oc-144"/>
      </symbol>
      <symbol id="sm-63a">
         <name>_gThetaCtrlRad</name>
         <value>0xa860</value>
         <object_component_ref idref="oc-144"/>
      </symbol>
      <symbol id="sm-63b">
         <name>_gVBS_raw</name>
         <value>0xa802</value>
         <object_component_ref idref="oc-144"/>
      </symbol>
      <symbol id="sm-63c">
         <name>_gSpiServiceReq</name>
         <value>0xa821</value>
         <object_component_ref idref="oc-144"/>
      </symbol>
      <symbol id="sm-63d">
         <name>_gDrvCtrl2Raw</name>
         <value>0xa813</value>
         <object_component_ref idref="oc-144"/>
      </symbol>
      <symbol id="sm-63e">
         <name>_gIdRefCmd_A</name>
         <value>0xa852</value>
         <object_component_ref idref="oc-144"/>
      </symbol>
      <symbol id="sm-63f">
         <name>_gCalDone</name>
         <value>0xa809</value>
         <object_component_ref idref="oc-144"/>
      </symbol>
      <symbol id="sm-640">
         <name>_gId_A</name>
         <value>0xa84e</value>
         <object_component_ref idref="oc-144"/>
      </symbol>
      <symbol id="sm-641">
         <name>_gDbg</name>
         <value>0xa8c0</value>
         <object_component_ref idref="oc-144"/>
      </symbol>
      <symbol id="sm-642">
         <name>_cpu_timer0_isr</name>
         <value>0x83c7e</value>
         <object_component_ref idref="oc-145"/>
      </symbol>
      <symbol id="sm-644">
         <name>_gIA_corr_counts</name>
         <value>0xa82e</value>
         <object_component_ref idref="oc-144"/>
      </symbol>
      <symbol id="sm-645">
         <name>_gIC_A</name>
         <value>0xa83c</value>
         <object_component_ref idref="oc-144"/>
      </symbol>
      <symbol id="sm-646">
         <name>_gOctwState</name>
         <value>0xa80d</value>
         <object_component_ref idref="oc-144"/>
      </symbol>
      <symbol id="sm-647">
         <name>_gDcCalPinState</name>
         <value>0xa80a</value>
         <object_component_ref idref="oc-144"/>
      </symbol>
      <symbol id="sm-648">
         <name>_gSpeedMechFbRpm</name>
         <value>0xa86a</value>
         <object_component_ref idref="oc-144"/>
      </symbol>
      <symbol id="sm-649">
         <name>_gIA_corr_V</name>
         <value>0xa832</value>
         <object_component_ref idref="oc-144"/>
      </symbol>
      <symbol id="sm-64a">
         <name>_gSpeedRefRpmCmd</name>
         <value>0xa858</value>
         <object_component_ref idref="oc-144"/>
      </symbol>
      <symbol id="sm-64b">
         <name>_gStartCmd</name>
         <value>0xa81e</value>
         <object_component_ref idref="oc-144"/>
      </symbol>
      <symbol id="sm-64c">
         <name>_gIB_adc_V</name>
         <value>0xa826</value>
         <object_component_ref idref="oc-144"/>
      </symbol>
      <symbol id="sm-64d">
         <name>_gOmegaMechFbRad_s</name>
         <value>0xa86e</value>
         <object_component_ref idref="oc-144"/>
      </symbol>
      <symbol id="sm-64e">
         <name>_gIdPI</name>
         <value>0xa89a</value>
         <object_component_ref idref="oc-144"/>
      </symbol>
      <symbol id="sm-64f">
         <name>_gOmegaMechCmdRad_s</name>
         <value>0xa85c</value>
         <object_component_ref idref="oc-144"/>
      </symbol>
      <symbol id="sm-650">
         <name>_gOmegaElecCmdRad_s</name>
         <value>0xa85e</value>
         <object_component_ref idref="oc-144"/>
      </symbol>
      <symbol id="sm-651">
         <name>_gOmegaElecFbRad_s</name>
         <value>0xa870</value>
         <object_component_ref idref="oc-144"/>
      </symbol>
      <symbol id="sm-652">
         <name>_gVdCmd_V</name>
         <value>0xa87e</value>
         <object_component_ref idref="oc-144"/>
      </symbol>
      <symbol id="sm-653">
         <name>_gVBS_bus_V</name>
         <value>0xa842</value>
         <object_component_ref idref="oc-144"/>
      </symbol>
      <symbol id="sm-654">
         <name>_gDrvLastRxWord</name>
         <value>0xa81a</value>
         <object_component_ref idref="oc-144"/>
      </symbol>
      <symbol id="sm-655">
         <name>_gOctwActive</name>
         <value>0xa80f</value>
         <object_component_ref idref="oc-144"/>
      </symbol>
      <symbol id="sm-656">
         <name>_gVqCmd_V</name>
         <value>0xa880</value>
         <object_component_ref idref="oc-144"/>
      </symbol>
      <symbol id="sm-657">
         <name>_gDrvStat1Data</name>
         <value>0xa814</value>
         <object_component_ref idref="oc-144"/>
      </symbol>
      <symbol id="sm-658">
         <name>_gValphaCmd_V</name>
         <value>0xa882</value>
         <object_component_ref idref="oc-144"/>
      </symbol>
      <symbol id="sm-659">
         <name>_gIB_A_filt</name>
         <value>0xa840</value>
         <object_component_ref idref="oc-144"/>
      </symbol>
      <symbol id="sm-65a">
         <name>_gThetaElecOffsetRad</name>
         <value>0xa868</value>
         <object_component_ref idref="oc-144"/>
      </symbol>
      <symbol id="sm-65b">
         <name>_gIB_corr_counts</name>
         <value>0xa830</value>
         <object_component_ref idref="oc-144"/>
      </symbol>
      <symbol id="sm-65c">
         <name>_gDrvStat2Raw</name>
         <value>0xa811</value>
         <object_component_ref idref="oc-144"/>
      </symbol>
      <symbol id="sm-65d">
         <name>_gQepCount</name>
         <value>0xa872</value>
         <object_component_ref idref="oc-144"/>
      </symbol>
      <symbol id="sm-65e">
         <name>_gVbusSaturated</name>
         <value>0xa804</value>
         <object_component_ref idref="oc-144"/>
      </symbol>
      <symbol id="sm-65f">
         <name>_gDirectionCmd</name>
         <value>0xa820</value>
         <object_component_ref idref="oc-144"/>
      </symbol>
      <symbol id="sm-660">
         <name>_gFilterInitDone</name>
         <value>0xa822</value>
         <object_component_ref idref="oc-144"/>
      </symbol>
      <symbol id="sm-661">
         <name>_gIB_A</name>
         <value>0xa83a</value>
         <object_component_ref idref="oc-144"/>
      </symbol>
      <symbol id="sm-662">
         <name>_gIbeta_A</name>
         <value>0xa84c</value>
         <object_component_ref idref="oc-144"/>
      </symbol>
      <symbol id="sm-663">
         <name>_gDutyC</name>
         <value>0xa898</value>
         <object_component_ref idref="oc-144"/>
      </symbol>
      <symbol id="sm-664">
         <name>_gDutyB</name>
         <value>0xa896</value>
         <object_component_ref idref="oc-144"/>
      </symbol>
      <symbol id="sm-665">
         <name>_gDutyA</name>
         <value>0xa894</value>
         <object_component_ref idref="oc-144"/>
      </symbol>
      <symbol id="sm-666">
         <name>_gVbusSatBus_V</name>
         <value>0xa848</value>
         <object_component_ref idref="oc-144"/>
      </symbol>
      <symbol id="sm-667">
         <name>_gVbusNearClip</name>
         <value>0xa803</value>
         <object_component_ref idref="oc-144"/>
      </symbol>
      <symbol id="sm-668">
         <name>_gAppState</name>
         <value>0xa81b</value>
         <object_component_ref idref="oc-144"/>
      </symbol>
      <symbol id="sm-669">
         <name>_gIq_A</name>
         <value>0xa850</value>
         <object_component_ref idref="oc-144"/>
      </symbol>
      <symbol id="sm-66a">
         <name>_gIB_offset_counts</name>
         <value>0xa82c</value>
         <object_component_ref idref="oc-144"/>
      </symbol>
      <symbol id="sm-66b">
         <name>_gIA_offset_counts</name>
         <value>0xa82a</value>
         <object_component_ref idref="oc-144"/>
      </symbol>
      <symbol id="sm-66c">
         <name>_gIA_raw</name>
         <value>0xa800</value>
         <object_component_ref idref="oc-144"/>
      </symbol>
      <symbol id="sm-66d">
         <name>_gVdqLimit_V</name>
         <value>0xa886</value>
         <object_component_ref idref="oc-144"/>
      </symbol>
      <symbol id="sm-66e">
         <name>_gSpeedCmdRpmRamp</name>
         <value>0xa85a</value>
         <object_component_ref idref="oc-144"/>
      </symbol>
      <symbol id="sm-66f">
         <name>_gGateEnableState</name>
         <value>0xa80b</value>
         <object_component_ref idref="oc-144"/>
      </symbol>
      <symbol id="sm-670">
         <name>_gVerifyCounterMs</name>
         <value>0xa88e</value>
         <object_component_ref idref="oc-144"/>
      </symbol>
      <symbol id="sm-671">
         <name>_gIalpha_A</name>
         <value>0xa84a</value>
         <object_component_ref idref="oc-144"/>
      </symbol>
      <symbol id="sm-672">
         <name>_gOverCurrentTrip</name>
         <value>0xa81d</value>
         <object_component_ref idref="oc-144"/>
      </symbol>
      <symbol id="sm-673">
         <name>_gIqPI</name>
         <value>0xa8a4</value>
         <object_component_ref idref="oc-144"/>
      </symbol>
      <symbol id="sm-674">
         <name>_gTimer0IsrCount</name>
         <value>0xa890</value>
         <object_component_ref idref="oc-144"/>
      </symbol>
      <symbol id="sm-675">
         <name>_gIB_raw</name>
         <value>0xa801</value>
         <object_component_ref idref="oc-144"/>
      </symbol>
      <symbol id="sm-676">
         <name>_gQepDeltaAcc</name>
         <value>0xa878</value>
         <object_component_ref idref="oc-144"/>
      </symbol>
      <symbol id="sm-677">
         <name>_gIqRefCmd_A</name>
         <value>0xa854</value>
         <object_component_ref idref="oc-144"/>
      </symbol>
      <symbol id="sm-678">
         <name>_gQepSpeedWindowCount</name>
         <value>0xa805</value>
         <object_component_ref idref="oc-144"/>
      </symbol>
      <symbol id="sm-679">
         <name>_gIA_A</name>
         <value>0xa838</value>
         <object_component_ref idref="oc-144"/>
      </symbol>
      <symbol id="sm-67a">
         <name>_adca1_isr</name>
         <value>0x83cb8</value>
         <object_component_ref idref="oc-145"/>
      </symbol>
      <symbol id="sm-67c">
         <name>_gThetaElecEncRad</name>
         <value>0xa866</value>
         <object_component_ref idref="oc-144"/>
      </symbol>
      <symbol id="sm-67d">
         <name>_gAlignQepSampleCount</name>
         <value>0xa87c</value>
         <object_component_ref idref="oc-144"/>
      </symbol>
      <symbol id="sm-67e">
         <name>_gDrvCtrl2Data</name>
         <value>0xa817</value>
         <object_component_ref idref="oc-144"/>
      </symbol>
      <symbol id="sm-67f">
         <name>_gIB_corr_V</name>
         <value>0xa834</value>
         <object_component_ref idref="oc-144"/>
      </symbol>
      <symbol id="sm-680">
         <name>_gAdcIsrCount</name>
         <value>0xa892</value>
         <object_component_ref idref="oc-144"/>
      </symbol>
      <symbol id="sm-681">
         <name>_gIA_sum</name>
         <value>0xa888</value>
         <object_component_ref idref="oc-144"/>
      </symbol>
      <symbol id="sm-682">
         <name>_gVBS_bus_V_filt</name>
         <value>0xa844</value>
         <object_component_ref idref="oc-144"/>
      </symbol>
      <symbol id="sm-683">
         <name>_gQepIndexSeen</name>
         <value>0xa806</value>
         <object_component_ref idref="oc-144"/>
      </symbol>
      <symbol id="sm-684">
         <name>_gThetaOpenloopRad</name>
         <value>0xa862</value>
         <object_component_ref idref="oc-144"/>
      </symbol>
      <symbol id="sm-685">
         <name>_gVbusDividerGain</name>
         <value>0xa846</value>
         <object_component_ref idref="oc-144"/>
      </symbol>
      <symbol id="sm-686">
         <name>_gAlignCounterMs</name>
         <value>0xa88c</value>
         <object_component_ref idref="oc-144"/>
      </symbol>
      <symbol id="sm-687">
         <name>_gSpeedMechFbRpmFilt</name>
         <value>0xa86c</value>
         <object_component_ref idref="oc-144"/>
      </symbol>
      <symbol id="sm-688">
         <name>_gCalCount</name>
         <value>0xa807</value>
         <object_component_ref idref="oc-144"/>
      </symbol>
      <symbol id="sm-689">
         <name>_gQepDeltaCount</name>
         <value>0xa876</value>
         <object_component_ref idref="oc-144"/>
      </symbol>
      <symbol id="sm-68a">
         <name>_gDrvStat1Raw</name>
         <value>0xa810</value>
         <object_component_ref idref="oc-144"/>
      </symbol>
      <symbol id="sm-68b">
         <name>_gDrvCtrl1Raw</name>
         <value>0xa812</value>
         <object_component_ref idref="oc-144"/>
      </symbol>
      <symbol id="sm-68c">
         <name>_gDrvCtrl1Data</name>
         <value>0xa816</value>
         <object_component_ref idref="oc-144"/>
      </symbol>
      <symbol id="sm-6a7">
         <name>_c_int00</name>
         <value>0x84000</value>
         <object_component_ref idref="oc-8d"/>
      </symbol>
      <symbol id="sm-6a8">
         <name>__stack</name>
         <value>0x400</value>
         <object_component_ref idref="oc-14a"/>
      </symbol>
      <symbol id="sm-6b7">
         <name>_copy_in</name>
         <value>0x840a4</value>
         <object_component_ref idref="oc-18e"/>
      </symbol>
      <symbol id="sm-6c9">
         <name>_memcpy</name>
         <value>0x83fe3</value>
         <object_component_ref idref="oc-193"/>
      </symbol>
      <symbol id="sm-6d6">
         <name>__system_pre_init</name>
         <value>0x840eb</value>
         <object_component_ref idref="oc-18d"/>
      </symbol>
      <symbol id="sm-6e4">
         <name>__system_post_cinit</name>
         <value>0x840ed</value>
         <object_component_ref idref="oc-18f"/>
      </symbol>
      <symbol id="sm-6f9">
         <name>C$$EXIT</name>
         <value>0x83fba</value>
         <object_component_ref idref="oc-191"/>
      </symbol>
      <symbol id="sm-6fa">
         <name>_exit</name>
         <value>0x83fbc</value>
         <object_component_ref idref="oc-191"/>
      </symbol>
      <symbol id="sm-6fc">
         <name>___TI_cleanup_ptr</name>
         <value>0xa930</value>
         <object_component_ref idref="oc-166"/>
      </symbol>
      <symbol id="sm-6fd">
         <name>___TI_enable_exit_profile_output</name>
         <value>0xa92e</value>
         <object_component_ref idref="oc-166"/>
      </symbol>
      <symbol id="sm-6fe">
         <name>_abort</name>
         <value>0x83fba</value>
         <object_component_ref idref="oc-191"/>
      </symbol>
      <symbol id="sm-700">
         <name>___TI_dtors_ptr</name>
         <value>0xa932</value>
         <object_component_ref idref="oc-166"/>
      </symbol>
      <symbol id="sm-714">
         <name>__unlock</name>
         <value>0xa936</value>
         <object_component_ref idref="oc-1a0"/>
      </symbol>
      <symbol id="sm-715">
         <name>__lock</name>
         <value>0xa934</value>
         <object_component_ref idref="oc-194"/>
      </symbol>
      <symbol id="sm-716">
         <name>__register_lock</name>
         <value>0x840de</value>
         <object_component_ref idref="oc-19c"/>
      </symbol>
      <symbol id="sm-718">
         <name>__nop</name>
         <value>0x840e2</value>
         <object_component_ref idref="oc-19c"/>
      </symbol>
      <symbol id="sm-71a">
         <name>__register_unlock</name>
         <value>0x840da</value>
         <object_component_ref idref="oc-19c"/>
      </symbol>
      <symbol id="sm-72a">
         <name>__args_main</name>
         <value>0x840c8</value>
         <object_component_ref idref="oc-190"/>
      </symbol>
      <symbol id="sm-755">
         <name>_SysCtl_delay</name>
         <value>0x803b</value>
         <object_component_ref idref="oc-182"/>
      </symbol>
      <symbol id="sm-766">
         <name>FS$$DIV</name>
         <value>0x83eb6</value>
         <object_component_ref idref="oc-188"/>
      </symbol>
   </symbol_table>
   <title>Link successful</title>
</link_info>
